Archive member included because of file (symbol)

c:/winavr-20100110/bin/../lib/gcc/avr/4.3.3/avr51\libgcc.a(_mulsi3.o)
                              ucos_ii.o (__mulsi3)
c:/winavr-20100110/bin/../lib/gcc/avr/4.3.3/avr51\libgcc.a(_divmodhi4.o)
                              lab2.o (__divmodhi4)
c:/winavr-20100110/bin/../lib/gcc/avr/4.3.3/avr51\libgcc.a(_udivmodsi4.o)
                              ucos_ii.o (__udivmodsi4)
c:/winavr-20100110/bin/../lib/gcc/avr/4.3.3/avr51\libgcc.a(_exit.o)
                              c:/winavr-20100110/bin/../lib/gcc/avr/4.3.3/../../../../avr/lib/avr51/crtm128.o (exit)
c:/winavr-20100110/bin/../lib/gcc/avr/4.3.3/avr51\libgcc.a(_clear_bss.o)
                              lab2.o (__do_clear_bss)
c:/winavr-20100110/bin/../lib/gcc/avr/4.3.3/avr51\libgcc.a(_udivmodhi4.o)
                              c:/winavr-20100110/bin/../lib/gcc/avr/4.3.3/avr51\libgcc.a(_divmodhi4.o) (__udivmodhi4)
c:/winavr-20100110/bin/../lib/gcc/avr/4.3.3/../../../../avr/lib/avr51\libc.a(rand.o)
                              lab2.o (rand)
c:/winavr-20100110/bin/../lib/gcc/avr/4.3.3/avr51\libgcc.a(_divmodsi4.o)
                              c:/winavr-20100110/bin/../lib/gcc/avr/4.3.3/../../../../avr/lib/avr51\libc.a(rand.o) (__divmodsi4)

Allocating common symbols
Common symbol       size              file

OSLockNesting       0x1               ucos_ii.o
OSRunning           0x1               ucos_ii.o
LedPlusTaskStk      0x80              lab2.o
OSIdleCtr           0x4               ucos_ii.o
OSPrioHighRdy       0x1               ucos_ii.o
OSFlagTbl           0x4               ucos_ii.o
OSPrioCur           0x1               ucos_ii.o
flag                0x2               lab2.o
OSTCBList           0x2               ucos_ii.o
OSTaskStatStk       0x80              ucos_ii.o
ShowFndTaskStk      0x80              lab2.o
sem_buz             0x2               lab2.o
OSCtxSwCtr          0x4               ucos_ii.o
ControlTaskStk      0x80              lab2.o
OSIdleCtrMax        0x4               ucos_ii.o
OSTCBFreeList       0x2               ucos_ii.o
sem_plant           0x2               lab2.o
FndPlusTaskStk      0x80              lab2.o
OSCPUUsage          0x1               ucos_ii.o
OSTaskCtr           0x1               ucos_ii.o
OSTCBHighRdy        0x2               ucos_ii.o
OSRdyGrp            0x1               ucos_ii.o
sem_random          0x2               lab2.o
OSRdyTbl            0x2               ucos_ii.o
OSEventFreeList     0x2               ucos_ii.o
OSIntExitY          0x1               ucos_ii.o
OSIntNesting        0x1               ucos_ii.o
FndMinusTaskStk     0x80              lab2.o
OSTCBCur            0x2               ucos_ii.o
OSTaskIdleStk       0x80              ucos_ii.o
OSEventTbl          0x18              ucos_ii.o
OSTCBTbl            0xf7              ucos_ii.o
LedMinusTaskStk     0x80              lab2.o
OSFlagFreeList      0x2               ucos_ii.o
OSStatRdy           0x1               ucos_ii.o
OSTCBPrioTbl        0x1a              ucos_ii.o
OSIdleCtrRun        0x4               ucos_ii.o

Memory Configuration

Name             Origin             Length             Attributes
text             0x00000000         0x00020000         xr
data             0x00800060         0x0000ffa0         rw !x
eeprom           0x00810000         0x00010000         rw !x
fuse             0x00820000         0x00000400         rw !x
lock             0x00830000         0x00000400         rw !x
signature        0x00840000         0x00000400         rw !x
*default*        0x00000000         0xffffffff

Linker script and memory map

Address of section .data set to 0x800100
LOAD c:/winavr-20100110/bin/../lib/gcc/avr/4.3.3/../../../../avr/lib/avr51/crtm128.o
LOAD lab2.o
LOAD os_cpu_c.o
LOAD ucos_ii.o
LOAD os_cpu_a.o
LOAD c:/winavr-20100110/bin/../lib/gcc/avr/4.3.3/avr51\libgcc.a
LOAD c:/winavr-20100110/bin/../lib/gcc/avr/4.3.3/../../../../avr/lib/avr51\libc.a
LOAD c:/winavr-20100110/bin/../lib/gcc/avr/4.3.3/avr51\libgcc.a

.hash
 *(.hash)

.dynsym
 *(.dynsym)

.dynstr
 *(.dynstr)

.gnu.version
 *(.gnu.version)

.gnu.version_d
 *(.gnu.version_d)

.gnu.version_r
 *(.gnu.version_r)

.rel.init
 *(.rel.init)

.rela.init
 *(.rela.init)

.rel.text
 *(.rel.text)
 *(.rel.text.*)
 *(.rel.gnu.linkonce.t*)

.rela.text
 *(.rela.text)
 *(.rela.text.*)
 *(.rela.gnu.linkonce.t*)

.rel.fini
 *(.rel.fini)

.rela.fini
 *(.rela.fini)

.rel.rodata
 *(.rel.rodata)
 *(.rel.rodata.*)
 *(.rel.gnu.linkonce.r*)

.rela.rodata
 *(.rela.rodata)
 *(.rela.rodata.*)
 *(.rela.gnu.linkonce.r*)

.rel.data
 *(.rel.data)
 *(.rel.data.*)
 *(.rel.gnu.linkonce.d*)

.rela.data
 *(.rela.data)
 *(.rela.data.*)
 *(.rela.gnu.linkonce.d*)

.rel.ctors
 *(.rel.ctors)

.rela.ctors
 *(.rela.ctors)

.rel.dtors
 *(.rel.dtors)

.rela.dtors
 *(.rela.dtors)

.rel.got
 *(.rel.got)

.rela.got
 *(.rela.got)

.rel.bss
 *(.rel.bss)

.rela.bss
 *(.rela.bss)

.rel.plt
 *(.rel.plt)

.rela.plt
 *(.rela.plt)

.text           0x00000000     0x204c
 *(.vectors)
 .vectors       0x00000000       0x8c c:/winavr-20100110/bin/../lib/gcc/avr/4.3.3/../../../../avr/lib/avr51/crtm128.o
                0x00000000                __vectors
                0x00000000                __vector_default
 *(.vectors)
 *(.progmem.gcc*)
 *(.progmem*)
                0x0000008c                . = ALIGN (0x2)
                0x0000008c                __trampolines_start = .
 *(.trampolines)
 .trampolines   0x0000008c        0x0 linker stubs
 *(.trampolines*)
                0x0000008c                __trampolines_end = .
 *(.jumptables)
 *(.jumptables*)
 *(.lowtext)
 *(.lowtext*)
                0x0000008c                __ctors_start = .
 *(.ctors)
                0x0000008c                __ctors_end = .
                0x0000008c                __dtors_start = .
 *(.dtors)
                0x0000008c                __dtors_end = .
 SORT(*)(.ctors)
 SORT(*)(.dtors)
 *(.init0)
 .init0         0x0000008c        0x0 c:/winavr-20100110/bin/../lib/gcc/avr/4.3.3/../../../../avr/lib/avr51/crtm128.o
                0x0000008c                __init
 *(.init0)
 *(.init1)
 *(.init1)
 *(.init2)
 .init2         0x0000008c        0xc c:/winavr-20100110/bin/../lib/gcc/avr/4.3.3/../../../../avr/lib/avr51/crtm128.o
 *(.init2)
 *(.init3)
 *(.init3)
 *(.init4)
 .init4         0x00000098       0x1a c:/winavr-20100110/bin/../lib/gcc/avr/4.3.3/../../../../avr/lib/avr51/crtm128.o
                0x00000098                __do_copy_data
 .init4         0x000000b2       0x10 c:/winavr-20100110/bin/../lib/gcc/avr/4.3.3/avr51\libgcc.a(_clear_bss.o)
                0x000000b2                __do_clear_bss
 *(.init4)
 *(.init5)
 *(.init5)
 *(.init6)
 *(.init6)
 *(.init7)
 *(.init7)
 *(.init8)
 *(.init8)
 *(.init9)
 .init9         0x000000c2        0x8 c:/winavr-20100110/bin/../lib/gcc/avr/4.3.3/../../../../avr/lib/avr51/crtm128.o
 *(.init9)
 *(.text)
 .text          0x000000ca        0x4 c:/winavr-20100110/bin/../lib/gcc/avr/4.3.3/../../../../avr/lib/avr51/crtm128.o
                0x000000ca                __vector_22
                0x000000ca                __vector_28
                0x000000ca                __vector_1
                0x000000ca                __vector_32
                0x000000ca                __vector_34
                0x000000ca                __vector_24
                0x000000ca                __vector_12
                0x000000ca                __bad_interrupt
                0x000000ca                __vector_6
                0x000000ca                __vector_31
                0x000000ca                __vector_3
                0x000000ca                __vector_23
                0x000000ca                __vector_30
                0x000000ca                __vector_25
                0x000000ca                __vector_11
                0x000000ca                __vector_13
                0x000000ca                __vector_17
                0x000000ca                __vector_19
                0x000000ca                __vector_7
                0x000000ca                __vector_27
                0x000000ca                __vector_33
                0x000000ca                __vector_4
                0x000000ca                __vector_9
                0x000000ca                __vector_2
                0x000000ca                __vector_21
                0x000000ca                __vector_15
                0x000000ca                __vector_29
                0x000000ca                __vector_8
                0x000000ca                __vector_26
                0x000000ca                __vector_14
                0x000000ca                __vector_18
                0x000000ca                __vector_20
 .text          0x000000ce      0x856 lab2.o
                0x0000014e                read_adc
                0x00000336                FndMinusTask
                0x00000166                Reset
                0x000004e2                LedPlusTask
                0x000007a2                __vector_5
                0x00000146                init_adc
                0x000004aa                LedMinusTask
                0x00000816                main
                0x0000057e                ControlTask
                0x0000018a                ShowFndTask
                0x000003ec                FndPlusTask
                0x000000ce                __vector_10
 .text          0x00000924       0x64 os_cpu_c.o
                0x00000976                OSTaskCreateHook
                0x0000097c                OSTaskStatHook
                0x00000980                OSInitHookBegin
                0x00000978                OSTaskDelHook
                0x0000097e                OSTimeTickHook
                0x00000986                OSTCBInitHook
                0x00000924                OSTaskStkInit
                0x00000982                OSInitHookEnd
                0x0000097a                OSTaskSwHook
                0x00000984                OSTaskIdleHook
 .text          0x00000988     0x1286 ucos_ii.o
                0x00000988                OSIntEnter
                0x00000e7a                OS_TCBInit
                0x00000b3e                OSFlagAccept
                0x000012b4                OSTaskCreate
                0x00001a58                OSIntExit
                0x00000d36                OS_FlagUnlink
                0x00000f7a                OS_Sched
                0x0000139a                OSSemPend
                0x00001430                OSMboxPost
                0x00000d1c                OS_FlagInit
                0x0000117a                OS_TaskStat
                0x000009c6                OS_EventTaskRdy
                0x00001008                OSTimeDly
                0x00001058                OSTimeDlyHMSM
                0x0000135c                OSSemPost
                0x00001934                OSSchedUnlock
                0x00001264                OSStatInit
                0x00000c76                OSFlagQuery
                0x00001500                OSFlagPost
                0x00000a7c                OS_EventTaskWait
                0x000019fe                OSStart
                0x0000196a                OSTimeTick
                0x00000e32                OSSemCreate
                0x000009a2                OSSchedLock
                0x00000c2a                OSFlagCreate
                0x00001864                OSFlagDel
                0x00001628                OSFlagPend
                0x00000dea                OSMboxCreate
                0x00001464                OSMboxPend
                0x00001afe                OSInit
                0x00000ae6                OS_EventTO
                0x000009c0                OSVersion
                0x00000b34                OS_EventWaitListInit
                0x00000f4a                OS_TaskIdle
 .text          0x00001c0e      0x25e os_cpu_a.o
                0x00001c0e                OSStartHighRdy
                0x00001c76                OSCtxSw
                0x00001d3c                OSIntCtxSw
                0x00001daa                OSTickISR
                0x00001daa                __vector_16
 .text          0x00001e6c        0x0 c:/winavr-20100110/bin/../lib/gcc/avr/4.3.3/avr51\libgcc.a(_mulsi3.o)
 .text          0x00001e6c        0x0 c:/winavr-20100110/bin/../lib/gcc/avr/4.3.3/avr51\libgcc.a(_divmodhi4.o)
 .text          0x00001e6c        0x0 c:/winavr-20100110/bin/../lib/gcc/avr/4.3.3/avr51\libgcc.a(_udivmodsi4.o)
 .text          0x00001e6c        0x0 c:/winavr-20100110/bin/../lib/gcc/avr/4.3.3/avr51\libgcc.a(_exit.o)
 .text          0x00001e6c        0x0 c:/winavr-20100110/bin/../lib/gcc/avr/4.3.3/avr51\libgcc.a(_clear_bss.o)
 .text          0x00001e6c        0x0 c:/winavr-20100110/bin/../lib/gcc/avr/4.3.3/avr51\libgcc.a(_udivmodhi4.o)
 .text          0x00001e6c        0x0 c:/winavr-20100110/bin/../lib/gcc/avr/4.3.3/../../../../avr/lib/avr51\libc.a(rand.o)
 .text          0x00001e6c        0x0 c:/winavr-20100110/bin/../lib/gcc/avr/4.3.3/avr51\libgcc.a(_divmodsi4.o)
                0x00001e6c                . = ALIGN (0x2)
 *(.text.*)
 .text.libgcc   0x00001e6c       0x3e c:/winavr-20100110/bin/../lib/gcc/avr/4.3.3/avr51\libgcc.a(_mulsi3.o)
                0x00001e6c                __mulsi3
 .text.libgcc   0x00001eaa       0x26 c:/winavr-20100110/bin/../lib/gcc/avr/4.3.3/avr51\libgcc.a(_divmodhi4.o)
                0x00001eaa                __divmodhi4
                0x00001eaa                _div
 .text.libgcc   0x00001ed0       0x44 c:/winavr-20100110/bin/../lib/gcc/avr/4.3.3/avr51\libgcc.a(_udivmodsi4.o)
                0x00001ed0                __udivmodsi4
 .text.libgcc   0x00001f14        0x0 c:/winavr-20100110/bin/../lib/gcc/avr/4.3.3/avr51\libgcc.a(_exit.o)
 .text.libgcc   0x00001f14        0x0 c:/winavr-20100110/bin/../lib/gcc/avr/4.3.3/avr51\libgcc.a(_clear_bss.o)
 .text.libgcc   0x00001f14       0x28 c:/winavr-20100110/bin/../lib/gcc/avr/4.3.3/avr51\libgcc.a(_udivmodhi4.o)
                0x00001f14                __udivmodhi4
 .text.avr-libc
                0x00001f3c       0xd6 c:/winavr-20100110/bin/../lib/gcc/avr/4.3.3/../../../../avr/lib/avr51\libc.a(rand.o)
                0x00001fec                rand_r
                0x00001ff2                rand
                0x00001ffc                srand
 .text.libgcc   0x00002012       0x36 c:/winavr-20100110/bin/../lib/gcc/avr/4.3.3/avr51\libgcc.a(_divmodsi4.o)
                0x00002012                __divmodsi4
                0x00002048                . = ALIGN (0x2)
 *(.fini9)
 .fini9         0x00002048        0x0 c:/winavr-20100110/bin/../lib/gcc/avr/4.3.3/avr51\libgcc.a(_exit.o)
                0x00002048                exit
                0x00002048                _exit
 *(.fini9)
 *(.fini8)
 *(.fini8)
 *(.fini7)
 *(.fini7)
 *(.fini6)
 *(.fini6)
 *(.fini5)
 *(.fini5)
 *(.fini4)
 *(.fini4)
 *(.fini3)
 *(.fini3)
 *(.fini2)
 *(.fini2)
 *(.fini1)
 *(.fini1)
 *(.fini0)
 .fini0         0x00002048        0x4 c:/winavr-20100110/bin/../lib/gcc/avr/4.3.3/avr51\libgcc.a(_exit.o)
 *(.fini0)
                0x0000204c                _etext = .

.data           0x00800100      0x134 load address 0x0000204c
                0x00800100                PROVIDE (__data_start, .)
 *(.data)
 .data          0x00800100        0x0 c:/winavr-20100110/bin/../lib/gcc/avr/4.3.3/../../../../avr/lib/avr51/crtm128.o
 .data          0x00800100       0x28 lab2.o
                0x00800110                Sound
                0x0080010c                LOSE
                0x00800126                soundMode
                0x00800124                time
                0x00800100                SEL
                0x00800104                Plant
                0x00800108                WIN
 .data          0x00800128        0x0 os_cpu_c.o
 .data          0x00800128      0x108 ucos_ii.o
                0x00800128                OSMapTbl
                0x00800130                OSUnMapTbl
 .data          0x00800230        0x0 os_cpu_a.o
 .data          0x00800230        0x0 c:/winavr-20100110/bin/../lib/gcc/avr/4.3.3/avr51\libgcc.a(_mulsi3.o)
 .data          0x00800230        0x0 c:/winavr-20100110/bin/../lib/gcc/avr/4.3.3/avr51\libgcc.a(_divmodhi4.o)
 .data          0x00800230        0x0 c:/winavr-20100110/bin/../lib/gcc/avr/4.3.3/avr51\libgcc.a(_udivmodsi4.o)
 .data          0x00800230        0x0 c:/winavr-20100110/bin/../lib/gcc/avr/4.3.3/avr51\libgcc.a(_exit.o)
 .data          0x00800230        0x0 c:/winavr-20100110/bin/../lib/gcc/avr/4.3.3/avr51\libgcc.a(_clear_bss.o)
 .data          0x00800230        0x0 c:/winavr-20100110/bin/../lib/gcc/avr/4.3.3/avr51\libgcc.a(_udivmodhi4.o)
 .data          0x00800230        0x4 c:/winavr-20100110/bin/../lib/gcc/avr/4.3.3/../../../../avr/lib/avr51\libc.a(rand.o)
 .data          0x00800234        0x0 c:/winavr-20100110/bin/../lib/gcc/avr/4.3.3/avr51\libgcc.a(_divmodsi4.o)
 *(.data*)
 *(.rodata)
 *(.rodata*)
 *(.gnu.linkonce.d*)
                0x00800234                . = ALIGN (0x2)
                0x00800234                _edata = .
                0x00800234                PROVIDE (__data_end, .)

.bss            0x00800234      0x561
                0x00800234                PROVIDE (__bss_start, .)
 *(.bss)
 .bss           0x00800234        0x0 c:/winavr-20100110/bin/../lib/gcc/avr/4.3.3/../../../../avr/lib/avr51/crtm128.o
 .bss           0x00800234        0x4 lab2.o
                0x00800234                state
                0x00800236                plant_cnt
 .bss           0x00800238        0x0 os_cpu_c.o
 .bss           0x00800238        0x0 ucos_ii.o
 .bss           0x00800238        0x0 os_cpu_a.o
 .bss           0x00800238        0x0 c:/winavr-20100110/bin/../lib/gcc/avr/4.3.3/avr51\libgcc.a(_mulsi3.o)
 .bss           0x00800238        0x0 c:/winavr-20100110/bin/../lib/gcc/avr/4.3.3/avr51\libgcc.a(_divmodhi4.o)
 .bss           0x00800238        0x0 c:/winavr-20100110/bin/../lib/gcc/avr/4.3.3/avr51\libgcc.a(_udivmodsi4.o)
 .bss           0x00800238        0x0 c:/winavr-20100110/bin/../lib/gcc/avr/4.3.3/avr51\libgcc.a(_exit.o)
 .bss           0x00800238        0x0 c:/winavr-20100110/bin/../lib/gcc/avr/4.3.3/avr51\libgcc.a(_clear_bss.o)
 .bss           0x00800238        0x0 c:/winavr-20100110/bin/../lib/gcc/avr/4.3.3/avr51\libgcc.a(_udivmodhi4.o)
 .bss           0x00800238        0x0 c:/winavr-20100110/bin/../lib/gcc/avr/4.3.3/../../../../avr/lib/avr51\libc.a(rand.o)
 .bss           0x00800238        0x0 c:/winavr-20100110/bin/../lib/gcc/avr/4.3.3/avr51\libgcc.a(_divmodsi4.o)
 *(.bss*)
 *(COMMON)
 COMMON         0x00800238      0x308 lab2.o
                0x00800238                LedPlusTaskStk
                0x008002b8                flag
                0x008002ba                ShowFndTaskStk
                0x0080033a                sem_buz
                0x0080033c                ControlTaskStk
                0x008003bc                sem_plant
                0x008003be                FndPlusTaskStk
                0x0080043e                sem_random
                0x00800440                FndMinusTaskStk
                0x008004c0                LedMinusTaskStk
 COMMON         0x00800540      0x255 ucos_ii.o
                0x00800540                OSLockNesting
                0x00800541                OSRunning
                0x00800542                OSIdleCtr
                0x00800546                OSPrioHighRdy
                0x00800547                OSFlagTbl
                0x0080054b                OSPrioCur
                0x0080054c                OSTCBList
                0x0080054e                OSTaskStatStk
                0x008005ce                OSCtxSwCtr
                0x008005d2                OSIdleCtrMax
                0x008005d6                OSTCBFreeList
                0x008005d8                OSCPUUsage
                0x008005d9                OSTaskCtr
                0x008005da                OSTCBHighRdy
                0x008005dc                OSRdyGrp
                0x008005dd                OSRdyTbl
                0x008005df                OSEventFreeList
                0x008005e1                OSIntExitY
                0x008005e2                OSIntNesting
                0x008005e3                OSTCBCur
                0x008005e5                OSTaskIdleStk
                0x00800665                OSEventTbl
                0x0080067d                OSTCBTbl
                0x00800774                OSFlagFreeList
                0x00800776                OSStatRdy
                0x00800777                OSTCBPrioTbl
                0x00800791                OSIdleCtrRun
                0x00800795                PROVIDE (__bss_end, .)
                0x0000204c                __data_load_start = LOADADDR (.data)
                0x00002180                __data_load_end = (__data_load_start + SIZEOF (.data))

.noinit         0x00800795        0x0
                0x00800795                PROVIDE (__noinit_start, .)
 *(.noinit*)
                0x00800795                PROVIDE (__noinit_end, .)
                0x00800795                _end = .
                0x00800795                PROVIDE (__heap_start, .)

.eeprom         0x00810000        0x0
 *(.eeprom*)
                0x00810000                __eeprom_end = .

.fuse
 *(.fuse)
 *(.lfuse)
 *(.hfuse)
 *(.efuse)

.lock
 *(.lock*)

.signature
 *(.signature*)

.stab           0x00000000      0x378
 *(.stab)
 .stab          0x00000000      0x378 os_cpu_a.o

.stabstr        0x00000000       0x59
 *(.stabstr)
 .stabstr       0x00000000       0x59 os_cpu_a.o

.stab.excl
 *(.stab.excl)

.stab.exclstr
 *(.stab.exclstr)

.stab.index
 *(.stab.index)

.stab.indexstr
 *(.stab.indexstr)

.comment
 *(.comment)

.debug
 *(.debug)

.line
 *(.line)

.debug_srcinfo
 *(.debug_srcinfo)

.debug_sfnames
 *(.debug_sfnames)

.debug_aranges
 *(.debug_aranges)

.debug_pubnames
 *(.debug_pubnames)

.debug_info
 *(.debug_info)
 *(.gnu.linkonce.wi.*)

.debug_abbrev
 *(.debug_abbrev)

.debug_line
 *(.debug_line)

.debug_frame
 *(.debug_frame)

.debug_str
 *(.debug_str)

.debug_loc
 *(.debug_loc)

.debug_macinfo
 *(.debug_macinfo)
OUTPUT(lab2.elf elf32-avr)
LOAD linker stubs

Cross Reference Table

Symbol                                            File
ControlTask                                       lab2.o
ControlTaskStk                                    lab2.o
FndMinusTask                                      lab2.o
FndMinusTaskStk                                   lab2.o
FndPlusTask                                       lab2.o
FndPlusTaskStk                                    lab2.o
LOSE                                              lab2.o
LedMinusTask                                      lab2.o
LedMinusTaskStk                                   lab2.o
LedPlusTask                                       lab2.o
LedPlusTaskStk                                    lab2.o
OSCPUUsage                                        ucos_ii.o
OSCtxSw                                           os_cpu_a.o
                                                  ucos_ii.o
OSCtxSwCtr                                        ucos_ii.o
OSEventFreeList                                   ucos_ii.o
OSEventTbl                                        ucos_ii.o
OSFlagAccept                                      ucos_ii.o
                                                  lab2.o
OSFlagCreate                                      ucos_ii.o
                                                  lab2.o
OSFlagDel                                         ucos_ii.o
OSFlagFreeList                                    ucos_ii.o
OSFlagPend                                        ucos_ii.o
                                                  lab2.o
OSFlagPost                                        ucos_ii.o
                                                  lab2.o
OSFlagQuery                                       ucos_ii.o
OSFlagTbl                                         ucos_ii.o
OSIdleCtr                                         ucos_ii.o
OSIdleCtrMax                                      ucos_ii.o
OSIdleCtrRun                                      ucos_ii.o
OSInit                                            ucos_ii.o
                                                  lab2.o
OSInitHookBegin                                   os_cpu_c.o
                                                  ucos_ii.o
OSInitHookEnd                                     os_cpu_c.o
                                                  ucos_ii.o
OSIntCtxSw                                        os_cpu_a.o
                                                  ucos_ii.o
OSIntEnter                                        ucos_ii.o
OSIntExit                                         ucos_ii.o
                                                  os_cpu_a.o
OSIntExitY                                        ucos_ii.o
OSIntNesting                                      os_cpu_a.o
                                                  ucos_ii.o
OSLockNesting                                     ucos_ii.o
OSMapTbl                                          ucos_ii.o
OSMboxCreate                                      ucos_ii.o
OSMboxPend                                        ucos_ii.o
OSMboxPost                                        ucos_ii.o
OSPrioCur                                         os_cpu_a.o
                                                  ucos_ii.o
OSPrioHighRdy                                     os_cpu_a.o
                                                  ucos_ii.o
OSRdyGrp                                          ucos_ii.o
OSRdyTbl                                          ucos_ii.o
OSRunning                                         os_cpu_a.o
                                                  ucos_ii.o
OSSchedLock                                       ucos_ii.o
OSSchedUnlock                                     ucos_ii.o
OSSemCreate                                       ucos_ii.o
                                                  lab2.o
OSSemPend                                         ucos_ii.o
                                                  lab2.o
OSSemPost                                         ucos_ii.o
                                                  lab2.o
OSStart                                           ucos_ii.o
                                                  lab2.o
OSStartHighRdy                                    os_cpu_a.o
                                                  ucos_ii.o
OSStatInit                                        ucos_ii.o
OSStatRdy                                         ucos_ii.o
OSTCBCur                                          os_cpu_a.o
                                                  ucos_ii.o
OSTCBFreeList                                     ucos_ii.o
OSTCBHighRdy                                      os_cpu_a.o
                                                  ucos_ii.o
OSTCBInitHook                                     os_cpu_c.o
                                                  ucos_ii.o
OSTCBList                                         ucos_ii.o
OSTCBPrioTbl                                      ucos_ii.o
OSTCBTbl                                          ucos_ii.o
OSTaskCreate                                      ucos_ii.o
                                                  lab2.o
OSTaskCreateHook                                  os_cpu_c.o
                                                  ucos_ii.o
OSTaskCtr                                         ucos_ii.o
OSTaskDelHook                                     os_cpu_c.o
OSTaskIdleHook                                    os_cpu_c.o
                                                  ucos_ii.o
OSTaskIdleStk                                     ucos_ii.o
OSTaskStatHook                                    os_cpu_c.o
                                                  ucos_ii.o
OSTaskStatStk                                     ucos_ii.o
OSTaskStkInit                                     os_cpu_c.o
                                                  ucos_ii.o
OSTaskSwHook                                      os_cpu_c.o
                                                  os_cpu_a.o
OSTickISR                                         os_cpu_a.o
OSTimeDly                                         ucos_ii.o
OSTimeDlyHMSM                                     ucos_ii.o
                                                  lab2.o
OSTimeTick                                        ucos_ii.o
                                                  os_cpu_a.o
OSTimeTickHook                                    os_cpu_c.o
                                                  ucos_ii.o
OSUnMapTbl                                        ucos_ii.o
OSVersion                                         ucos_ii.o
OS_EventTO                                        ucos_ii.o
OS_EventTaskRdy                                   ucos_ii.o
OS_EventTaskWait                                  ucos_ii.o
OS_EventWaitListInit                              ucos_ii.o
OS_FlagInit                                       ucos_ii.o
OS_FlagUnlink                                     ucos_ii.o
OS_Sched                                          ucos_ii.o
OS_TCBInit                                        ucos_ii.o
OS_TaskIdle                                       ucos_ii.o
OS_TaskStat                                       ucos_ii.o
Plant                                             lab2.o
Reset                                             lab2.o
SEL                                               lab2.o
ShowFndTask                                       lab2.o
ShowFndTaskStk                                    lab2.o
Sound                                             lab2.o
WIN                                               lab2.o
__bad_interrupt                                   c:/winavr-20100110/bin/../lib/gcc/avr/4.3.3/../../../../avr/lib/avr51/crtm128.o
__bss_end                                         c:/winavr-20100110/bin/../lib/gcc/avr/4.3.3/avr51\libgcc.a(_clear_bss.o)
__bss_start                                       c:/winavr-20100110/bin/../lib/gcc/avr/4.3.3/avr51\libgcc.a(_clear_bss.o)
__data_end                                        c:/winavr-20100110/bin/../lib/gcc/avr/4.3.3/../../../../avr/lib/avr51/crtm128.o
__data_load_start                                 c:/winavr-20100110/bin/../lib/gcc/avr/4.3.3/../../../../avr/lib/avr51/crtm128.o
__data_start                                      c:/winavr-20100110/bin/../lib/gcc/avr/4.3.3/../../../../avr/lib/avr51/crtm128.o
__divmodhi4                                       c:/winavr-20100110/bin/../lib/gcc/avr/4.3.3/avr51\libgcc.a(_divmodhi4.o)
                                                  lab2.o
__divmodsi4                                       c:/winavr-20100110/bin/../lib/gcc/avr/4.3.3/avr51\libgcc.a(_divmodsi4.o)
                                                  c:/winavr-20100110/bin/../lib/gcc/avr/4.3.3/../../../../avr/lib/avr51\libc.a(rand.o)
__do_clear_bss                                    c:/winavr-20100110/bin/../lib/gcc/avr/4.3.3/avr51\libgcc.a(_clear_bss.o)
                                                  ucos_ii.o
                                                  lab2.o
__do_copy_data                                    c:/winavr-20100110/bin/../lib/gcc/avr/4.3.3/../../../../avr/lib/avr51/crtm128.o
                                                  c:/winavr-20100110/bin/../lib/gcc/avr/4.3.3/../../../../avr/lib/avr51\libc.a(rand.o)
                                                  ucos_ii.o
                                                  lab2.o
__heap_end                                        c:/winavr-20100110/bin/../lib/gcc/avr/4.3.3/../../../../avr/lib/avr51/crtm128.o
__init                                            c:/winavr-20100110/bin/../lib/gcc/avr/4.3.3/../../../../avr/lib/avr51/crtm128.o
__mulsi3                                          c:/winavr-20100110/bin/../lib/gcc/avr/4.3.3/avr51\libgcc.a(_mulsi3.o)
                                                  c:/winavr-20100110/bin/../lib/gcc/avr/4.3.3/../../../../avr/lib/avr51\libc.a(rand.o)
                                                  ucos_ii.o
__stack                                           c:/winavr-20100110/bin/../lib/gcc/avr/4.3.3/../../../../avr/lib/avr51/crtm128.o
__udivmodhi4                                      c:/winavr-20100110/bin/../lib/gcc/avr/4.3.3/avr51\libgcc.a(_udivmodhi4.o)
                                                  c:/winavr-20100110/bin/../lib/gcc/avr/4.3.3/avr51\libgcc.a(_divmodhi4.o)
__udivmodsi4                                      c:/winavr-20100110/bin/../lib/gcc/avr/4.3.3/avr51\libgcc.a(_udivmodsi4.o)
                                                  c:/winavr-20100110/bin/../lib/gcc/avr/4.3.3/avr51\libgcc.a(_divmodsi4.o)
                                                  ucos_ii.o
__vector_1                                        c:/winavr-20100110/bin/../lib/gcc/avr/4.3.3/../../../../avr/lib/avr51/crtm128.o
__vector_10                                       lab2.o
                                                  c:/winavr-20100110/bin/../lib/gcc/avr/4.3.3/../../../../avr/lib/avr51/crtm128.o
__vector_11                                       c:/winavr-20100110/bin/../lib/gcc/avr/4.3.3/../../../../avr/lib/avr51/crtm128.o
__vector_12                                       c:/winavr-20100110/bin/../lib/gcc/avr/4.3.3/../../../../avr/lib/avr51/crtm128.o
__vector_13                                       c:/winavr-20100110/bin/../lib/gcc/avr/4.3.3/../../../../avr/lib/avr51/crtm128.o
__vector_14                                       c:/winavr-20100110/bin/../lib/gcc/avr/4.3.3/../../../../avr/lib/avr51/crtm128.o
__vector_15                                       c:/winavr-20100110/bin/../lib/gcc/avr/4.3.3/../../../../avr/lib/avr51/crtm128.o
__vector_16                                       os_cpu_a.o
                                                  c:/winavr-20100110/bin/../lib/gcc/avr/4.3.3/../../../../avr/lib/avr51/crtm128.o
__vector_17                                       c:/winavr-20100110/bin/../lib/gcc/avr/4.3.3/../../../../avr/lib/avr51/crtm128.o
__vector_18                                       c:/winavr-20100110/bin/../lib/gcc/avr/4.3.3/../../../../avr/lib/avr51/crtm128.o
__vector_19                                       c:/winavr-20100110/bin/../lib/gcc/avr/4.3.3/../../../../avr/lib/avr51/crtm128.o
__vector_2                                        c:/winavr-20100110/bin/../lib/gcc/avr/4.3.3/../../../../avr/lib/avr51/crtm128.o
__vector_20                                       c:/winavr-20100110/bin/../lib/gcc/avr/4.3.3/../../../../avr/lib/avr51/crtm128.o
__vector_21                                       c:/winavr-20100110/bin/../lib/gcc/avr/4.3.3/../../../../avr/lib/avr51/crtm128.o
__vector_22                                       c:/winavr-20100110/bin/../lib/gcc/avr/4.3.3/../../../../avr/lib/avr51/crtm128.o
__vector_23                                       c:/winavr-20100110/bin/../lib/gcc/avr/4.3.3/../../../../avr/lib/avr51/crtm128.o
__vector_24                                       c:/winavr-20100110/bin/../lib/gcc/avr/4.3.3/../../../../avr/lib/avr51/crtm128.o
__vector_25                                       c:/winavr-20100110/bin/../lib/gcc/avr/4.3.3/../../../../avr/lib/avr51/crtm128.o
__vector_26                                       c:/winavr-20100110/bin/../lib/gcc/avr/4.3.3/../../../../avr/lib/avr51/crtm128.o
__vector_27                                       c:/winavr-20100110/bin/../lib/gcc/avr/4.3.3/../../../../avr/lib/avr51/crtm128.o
__vector_28                                       c:/winavr-20100110/bin/../lib/gcc/avr/4.3.3/../../../../avr/lib/avr51/crtm128.o
__vector_29                                       c:/winavr-20100110/bin/../lib/gcc/avr/4.3.3/../../../../avr/lib/avr51/crtm128.o
__vector_3                                        c:/winavr-20100110/bin/../lib/gcc/avr/4.3.3/../../../../avr/lib/avr51/crtm128.o
__vector_30                                       c:/winavr-20100110/bin/../lib/gcc/avr/4.3.3/../../../../avr/lib/avr51/crtm128.o
__vector_31                                       c:/winavr-20100110/bin/../lib/gcc/avr/4.3.3/../../../../avr/lib/avr51/crtm128.o
__vector_32                                       c:/winavr-20100110/bin/../lib/gcc/avr/4.3.3/../../../../avr/lib/avr51/crtm128.o
__vector_33                                       c:/winavr-20100110/bin/../lib/gcc/avr/4.3.3/../../../../avr/lib/avr51/crtm128.o
__vector_34                                       c:/winavr-20100110/bin/../lib/gcc/avr/4.3.3/../../../../avr/lib/avr51/crtm128.o
__vector_4                                        c:/winavr-20100110/bin/../lib/gcc/avr/4.3.3/../../../../avr/lib/avr51/crtm128.o
__vector_5                                        lab2.o
                                                  c:/winavr-20100110/bin/../lib/gcc/avr/4.3.3/../../../../avr/lib/avr51/crtm128.o
__vector_6                                        c:/winavr-20100110/bin/../lib/gcc/avr/4.3.3/../../../../avr/lib/avr51/crtm128.o
__vector_7                                        c:/winavr-20100110/bin/../lib/gcc/avr/4.3.3/../../../../avr/lib/avr51/crtm128.o
__vector_8                                        c:/winavr-20100110/bin/../lib/gcc/avr/4.3.3/../../../../avr/lib/avr51/crtm128.o
__vector_9                                        c:/winavr-20100110/bin/../lib/gcc/avr/4.3.3/../../../../avr/lib/avr51/crtm128.o
__vector_default                                  c:/winavr-20100110/bin/../lib/gcc/avr/4.3.3/../../../../avr/lib/avr51/crtm128.o
__vectors                                         c:/winavr-20100110/bin/../lib/gcc/avr/4.3.3/../../../../avr/lib/avr51/crtm128.o
_div                                              c:/winavr-20100110/bin/../lib/gcc/avr/4.3.3/avr51\libgcc.a(_divmodhi4.o)
_exit                                             c:/winavr-20100110/bin/../lib/gcc/avr/4.3.3/avr51\libgcc.a(_exit.o)
exit                                              c:/winavr-20100110/bin/../lib/gcc/avr/4.3.3/avr51\libgcc.a(_exit.o)
                                                  c:/winavr-20100110/bin/../lib/gcc/avr/4.3.3/../../../../avr/lib/avr51/crtm128.o
flag                                              lab2.o
init_adc                                          lab2.o
main                                              lab2.o
                                                  c:/winavr-20100110/bin/../lib/gcc/avr/4.3.3/../../../../avr/lib/avr51/crtm128.o
plant_cnt                                         lab2.o
rand                                              c:/winavr-20100110/bin/../lib/gcc/avr/4.3.3/../../../../avr/lib/avr51\libc.a(rand.o)
                                                  lab2.o
rand_r                                            c:/winavr-20100110/bin/../lib/gcc/avr/4.3.3/../../../../avr/lib/avr51\libc.a(rand.o)
read_adc                                          lab2.o
sem_buz                                           lab2.o
sem_plant                                         lab2.o
sem_random                                        lab2.o
soundMode                                         lab2.o
srand                                             c:/winavr-20100110/bin/../lib/gcc/avr/4.3.3/../../../../avr/lib/avr51\libc.a(rand.o)
                                                  lab2.o
state                                             lab2.o
time                                              lab2.o
